../Core/Src/main.c:55:6:clearmmenuonce	8	static
../Core/Src/main.c:65:6:mmenucursorfnc	8	static
../Core/Src/main.c:89:6:general_menu	8	static
../Core/Src/main.c:122:6:input_read_fnc	8	static
../Core/Src/main.c:183:1:sysontime	8	static
../Core/Src/main.c:200:6:input_timer_read_fnc	8	static
../Core/Src/main.c:303:6:cleardisplay_once	8	static
../Core/Src/main.c:313:6:about	8	static
../Core/Src/main.c:330:6:smenucursorfnc_2	8	static
../Core/Src/main.c:352:6:load_status	8	static
../Core/Src/main.c:375:6:onoffinlist_of_load	8	static
../Core/Src/main.c:416:6:list_of_load	8	static
../Core/Src/main.c:434:6:profile	8	static
../Core/Src/main.c:448:6:manual	8	static
../Core/Src/main.c:460:6:sub_menu	8	static
../Core/Src/main.c:499:6:clearssmenuonce	8	static
../Core/Src/main.c:509:6:s_sub_menu	8	static
../Core/Src/main.c:588:5:main	8	static
../Core/Src/main.c:615:6:SystemClock_Config	72	static
../Core/Src/main.c:639:13:MX_I2C1_Init	8	static
../Core/Src/main.c:655:13:MX_GPIO_Init	40	static
../Core/Src/main.c:706:6:ctempfnc	4	static
../Core/Src/main.c:715:6:ctempmmneufnc	4	static
../Core/Src/main.c:725:6:ctempssmenufnc	4	static
../Core/Src/main.c:738:6:HAL_GPIO_EXTI_Callback	16	static
../Core/Src/main.c:924:6:Error_Handler	4	static,ignoring_inline_asm
